[demo.themerec.com/item/wordpress/thepro-dark/index.html]
[backblue.gif]
[fade.gif]
[index.html]
[demo.themerec.com/item/wordpress/thepro-dark/wp-content/plugins/contact-form-7/includes/css/styles6fb3.css]
[demo.themerec.com/item/wordpress/thepro-dark/wp-content/plugins/woocommerce/assets/css/woocommerce-layoutd3a6.css]
[demo.themerec.com/item/wordpress/thepro-dark/wp-content/plugins/woocommerce/assets/css/woocommerce-smallscreend3a6.css]
[demo.themerec.com/item/wordpress/thepro-dark/wp-content/plugins/woocommerce/assets/css/woocommerced3a6.css]
[demo.themerec.com/item/wordpress/thepro-dark/wp-content/plugins/woocommerce/assets/css/brandsd3a6.css]
[demo.themerec.com/item/wordpress/thepro-dark/wp-content/themes/thepro/assets/css/lib/bootstrap.min7923.css]
[demo.themerec.com/item/wordpress/thepro-dark/wp-content/themes/thepro/assets/css/lib/fontawesome.min823d.css]
[demo.themerec.com/item/wordpress/thepro-dark/wp-content/themes/thepro/assets/css/lib/tiny-sliderf342.css]
[demo.themerec.com/item/wordpress/thepro-dark/wp-content/themes/thepro/assets/css/lib/lity.min8d5a.css]
[demo.themerec.com/item/wordpress/thepro-dark/wp-content/themes/thepro/assets/css/lib/magnific-popupf488.css]
[demo.themerec.com/item/wordpress/thepro-dark/wp-content/themes/thepro/assets/css/style55a0.css]
[demo.themerec.com/item/wordpress/thepro-dark/wp-content/themes/thepro/assets/css/plugins/woocommerce55a0.css]
[demo.themerec.com/item/wordpress/thepro-dark/wp-content/themes/thepro/assets/css/colors/colorize55a0.css]
[demo.themerec.com/item/wordpress/thepro-dark/wp-content/themes/thepro/assets/css/lib/kursor4116.css]
[demo.themerec.com/item/wordpress/thepro-dark/wp-content/plugins/elementor/assets/css/frontend.min3d24.css]
[demo.themerec.com/item/wordpress/thepro-dark/wp-content/uploads/sites/8/elementor/css/post-36669dd.css]
[demo.themerec.com/item/wordpress/thepro-dark/wp-content/plugins/elementor/assets/css/widget-image.min3d24.css]
[demo.themerec.com/item/wordpress/thepro-dark/wp-content/plugins/elementor/assets/css/widget-heading.min3d24.css]
[demo.themerec.com/item/wordpress/thepro-dark/wp-content/plugins/elementor/assets/css/widget-divider.min3d24.css]
[demo.themerec.com/item/wordpress/thepro-dark/wp-content/plugins/elementor/assets/css/widget-counter.min3d24.css]
[demo.themerec.com/item/wordpress/thepro-dark/wp-content/plugins/elementor/assets/lib/swiper/v8/css/swiper.min94a4.css]
[demo.themerec.com/item/wordpress/thepro-dark/wp-content/plugins/elementor/assets/css/conditionals/e-swiper.min3d24.css]
[demo.themerec.com/item/wordpress/thepro-dark/wp-content/plugins/elementor/assets/css/widget-image-carousel.min3d24.css]
[demo.themerec.com/item/wordpress/thepro-dark/wp-content/uploads/sites/8/elementor/css/post-351a21c.css]
[demo.themerec.com/item/wordpress/thepro-dark/wp-content/uploads/sites/8/elementor/google-fonts/css/roboto3e22.css]
[demo.themerec.com/item/wordpress/thepro-dark/wp-content/uploads/sites/8/elementor/google-fonts/css/robotoslab5f56.css]
[demo.themerec.com/item/wordpress/thepro-dark/wp-content/uploads/sites/8/elementor/google-fonts/css/poppins1ca6.css]
[demo.themerec.com/item/wordpress/thepro-dark/wp-includes/js/jquery/jquery.minf43b.js]
[demo.themerec.com/item/wordpress/thepro-dark/wp-includes/js/jquery/jquery-migrate.min5589.js]
[demo.themerec.com/item/wordpress/thepro-dark/wp-content/plugins/woocommerce/assets/js/jquery-blockui/jquery.blockUI.minf967.js]
[demo.themerec.com/item/wordpress/thepro-dark/wp-content/plugins/woocommerce/assets/js/frontend/add-to-cart.mind3a6.js]
[demo.themerec.com/item/wordpress/thepro-dark/wp-content/plugins/woocommerce/assets/js/js-cookie/js.cookie.min5aa6.js]
[demo.themerec.com/item/wordpress/thepro-dark/wp-content/plugins/woocommerce/assets/js/frontend/woocommerce.mind3a6.js]
[demo.themerec.com/item/wordpress/thepro-dark/wp-content/themes/thepro/assets/js/lib/typed.min7b2b.js]
[demo.themerec.com/item/wordpress/thepro-dark/wp-content/themes/thepro/assets/js/lib/tiny-sliderf342.js]
[demo.themerec.com/item/wordpress/thepro-dark/wp-json/wp/v2/pages/351.json]
[demo.themerec.com/item/wordpress/thepro-dark/wp-json/index.html]
[demo.themerec.com/item/wordpress/thepro-dark/xmlrpc0db0.php]
[demo.themerec.com/item/wordpress/thepro-dark/wp-json/oembed/1.0/embedf93c.json]
[demo.themerec.com/item/wordpress/thepro-dark/wp-json/oembed/1.0/embedec9d]
[demo.themerec.com/item/wordpress/thepro-dark/wp-content/uploads/sites/8/2022/06/cropped-favicon-1-100x100.png]
[demo.themerec.com/item/wordpress/thepro-dark/wp-content/uploads/sites/8/2022/06/cropped-favicon-1-300x300.png]
[demo.themerec.com/item/wordpress/thepro-dark/wp-content/fonts/poppins/pxiEyp8kv8JHgFVrJJbecmNE.woff2]
[demo.themerec.com/item/wordpress/thepro-dark/wp-content/fonts/poppins/pxiEyp8kv8JHgFVrJJnecmNE.woff2]
[demo.themerec.com/item/wordpress/thepro-dark/wp-content/fonts/poppins/pxiEyp8kv8JHgFVrJJfecg.woff2]
[demo.themerec.com/item/wordpress/thepro-dark/wp-content/fonts/poppins/pxiByp8kv8JHgFVrLGT9Z11lFc-K.woff2]
[demo.themerec.com/item/wordpress/thepro-dark/wp-content/fonts/poppins/pxiByp8kv8JHgFVrLGT9Z1JlFc-K.woff2]
[demo.themerec.com/item/wordpress/thepro-dark/wp-content/fonts/poppins/pxiByp8kv8JHgFVrLGT9Z1xlFQ.woff2]
[demo.themerec.com/item/wordpress/thepro-dark/wp-content/fonts/poppins/pxiByp8kv8JHgFVrLEj6Z11lFc-K.woff2]
[demo.themerec.com/item/wordpress/thepro-dark/wp-content/fonts/poppins/pxiByp8kv8JHgFVrLEj6Z1JlFc-K.woff2]
[demo.themerec.com/item/wordpress/thepro-dark/wp-content/fonts/poppins/pxiByp8kv8JHgFVrLEj6Z1xlFQ.woff2]
[demo.themerec.com/item/wordpress/thepro-dark/wp-content/uploads/sites/8/2023/11/white-logo-1.png]
[demo.themerec.com/item/wordpress/thepro-dark/wp-content/uploads/sites/8/2023/11/info-img.jpg]
[demo.themerec.com/item/wordpress/thepro-dark/wp-content/uploads/sites/8/2022/06/portfolio_img_1-1.jpg]
[demo.themerec.com/item/wordpress/thepro-dark/wp-content/uploads/sites/8/2022/06/portfolio_img_2-2.jpg]
[demo.themerec.com/item/wordpress/thepro-dark/wp-content/uploads/sites/8/2022/06/portfolio_img_3-1.jpg]
[demo.themerec.com/item/wordpress/thepro-dark/wp-content/uploads/sites/8/2022/06/portfolio_img_4-2.jpg]
[demo.themerec.com/item/wordpress/thepro-dark/cart/index.html]
[demo.themerec.com/item/wordpress/thepro-dark/wp-content/uploads/sites/8/2022/06/portfolio_img_5-1.jpg]
[demo.themerec.com/item/wordpress/thepro-dark/wp-content/uploads/sites/8/2022/06/portfolio_img_6-1.jpg]
[demo.themerec.com/cdn-cgi/scripts/5c5dd728/cloudflare-static/email-decode.min.js]
[demo.themerec.com/item/wordpress/thepro-dark/shop/index.html]
[demo.themerec.com/item/wordpress/thepro-dark/wp-content/uploads/sites/8/2022/06/client-1-1.jpg]
[demo.themerec.com/item/wordpress/thepro-dark/portfolio/image-project/index.html]
[demo.themerec.com/item/wordpress/thepro-dark/portfolio/content-project/index.html]
[demo.themerec.com/item/wordpress/thepro-dark/portfolio/audio-project/index.html]
[demo.themerec.com/item/wordpress/thepro-dark/wp-content/uploads/sites/8/2022/06/client-2-1.jpg]
[demo.themerec.com/item/wordpress/thepro-dark/portfolio/video-project/index.html]
[demo.themerec.com/item/wordpress/thepro-dark/portfolio/link-project/index.html]
[demo.themerec.com/item/wordpress/thepro-dark/wp-content/uploads/sites/8/2022/06/client-3-1.jpg]
[demo.themerec.com/item/wordpress/thepro-dark/portfolio/themerec-website/index.html]
[demo.themerec.com/item/wordpress/thepro-dark/wp-content/uploads/sites/8/2023/02/team-member-1-1-300x300.jpg]
[demo.themerec.com/item/wordpress/thepro-dark/portfolio/index.html]
[demo.themerec.com/item/wordpress/thepro-dark/wp-content/uploads/sites/8/2023/02/team-member-2-1-300x300.jpg]
[demo.themerec.com/item/wordpress/thepro-dark/wp-content/uploads/sites/8/2023/02/team-member-3-1-300x300.jpg]
[demo.themerec.com/item/wordpress/thepro-dark/wp-content/uploads/sites/8/2022/06/blog_img_1-1.jpg]
[demo.themerec.com/item/wordpress/thepro-dark/wp-content/uploads/sites/8/2022/06/blog_img_2-1.jpg]
[demo.themerec.com/item/wordpress/thepro-dark/wp-content/uploads/sites/8/2022/06/blog_img_3-1.jpg]
[demo.themerec.com/item/wordpress/thepro-dark/wp-content/plugins/woocommerce/assets/client/blocks/wc-blocks8868.css]
[demo.themerec.com/item/wordpress/thepro-dark/how-to-improve-work-performance/index.html]
[demo.themerec.com/item/wordpress/thepro-dark/wp-includes/js/dist/hooks.min4fdd.js]
[demo.themerec.com/item/wordpress/thepro-dark/wp-includes/js/dist/i18n.minc33c.js]
[demo.themerec.com/item/wordpress/thepro-dark/wp-content/plugins/contact-form-7/includes/swv/js/index6fb3.js]
[demo.themerec.com/item/wordpress/thepro-dark/what-is-the-metaverse-exactly/index.html]
[demo.themerec.com/item/wordpress/thepro-dark/wp-content/plugins/contact-form-7/includes/js/index6fb3.js]
[demo.themerec.com/item/wordpress/thepro-dark/wp-content/themes/thepro/assets/js/lib/bootstrap.bundle.min7923.js]
[demo.themerec.com/item/wordpress/thepro-dark/wp-content/themes/thepro/assets/js/lib/imagesloaded.pkgd.mineda1.js]
[demo.themerec.com/item/wordpress/thepro-dark/how-to-work-from-home/index.html]
[demo.themerec.com/item/wordpress/thepro-dark/wp-content/themes/thepro/assets/js/lib/isotope.pkgd.min7c45.js]
[demo.themerec.com/item/wordpress/thepro-dark/wp-content/themes/thepro/assets/js/lib/lity.min8d5a.js]
[demo.themerec.com/item/wordpress/thepro-dark/blog/index.html]
[demo.themerec.com/item/wordpress/thepro-dark/wp-content/themes/thepro/assets/js/lib/magnific-popup.minf488.js]
[demo.themerec.com/item/wordpress/thepro-dark/wp-content/themes/thepro/assets/js/base55a0.js]
[demo.themerec.com/item/wordpress/thepro-dark/wp-content/themes/thepro/assets/js/lib/kursor.minc5da.js]
[demo.themerec.com/item/wordpress/thepro-dark/wp-content/plugins/woocommerce/assets/js/sourcebuster/sourcebuster.mind3a6.js]
[demo.themerec.com/item/wordpress/thepro-dark/wp-content/plugins/woocommerce/assets/js/frontend/order-attribution.mind3a6.js]
[demo.themerec.com/item/wordpress/thepro-dark/wp-content/plugins/elementor/assets/js/webpack.runtime.min3d24.js]
[demo.themerec.com/item/wordpress/thepro-dark/wp-content/plugins/elementor/assets/js/frontend-modules.min3d24.js]
[demo.themerec.com/item/wordpress/thepro-dark/wp-includes/js/jquery/ui/core.minb37e.js]
[demo.themerec.com/item/wordpress/thepro-dark/wp-content/plugins/elementor/assets/js/frontend.min3d24.js]
[demo.themerec.com/item/wordpress/thepro-dark/wp-content/plugins/elementor/assets/lib/jquery-numerator/jquery-numerator.min3958.js]
[demo.themerec.com/item/wordpress/thepro-dark/index.html]
[demo.themerec.com/item/wordpress/thepro-dark/xmlrpc.php]
[demo.themerec.com/item/wordpress/thepro-dark/wp-content/plugins/contact-form-7/includes/css/styles6fb3.css]
[demo.themerec.com/item/wordpress/thepro-dark/wp-content/plugins/woocommerce/assets/css/woocommerce-layoutd3a6.css]
[demo.themerec.com/item/wordpress/thepro-dark/wp-content/plugins/woocommerce/assets/css/woocommerce-smallscreend3a6.css]
[demo.themerec.com/item/wordpress/thepro-dark/wp-content/plugins/elementor/assets/lib/swiper/v8/swiper.min94a4.js]
[demo.themerec.com/item/wordpress/thepro-dark/wp-content/plugins/woocommerce/assets/fonts/WooCommerce.woff2]
[demo.themerec.com/item/wordpress/thepro-dark/wp-content/plugins/woocommerce/assets/fonts/WooCommerce.woff]
[demo.themerec.com/item/wordpress/thepro-dark/wp-content/plugins/woocommerce/assets/fonts/WooCommerce.ttf]
[demo.themerec.com/item/wordpress/thepro-dark/wp-content/plugins/woocommerce/assets/css/woocommerced3a6.css]
[demo.themerec.com/item/wordpress/thepro-dark/wp-content/plugins/woocommerce/assets/css/brandsd3a6.css]
[demo.themerec.com/item/wordpress/thepro-dark/wp-content/themes/thepro/assets/css/lib/bootstrap.min7923.css]
[demo.themerec.com/item/wordpress/thepro-dark/wp-content/themes/thepro/assets/css/lib/fontawesome.min823d.css]
[demo.themerec.com/item/wordpress/thepro-dark/wp-content/themes/thepro/assets/css/lib/tiny-sliderf342.css]
[demo.themerec.com/item/wordpress/thepro-dark/wp-content/themes/thepro/assets/css/lib/lity.min8d5a.css]
[demo.themerec.com/item/wordpress/thepro-dark/wp-content/themes/thepro/assets/css/lib/magnific-popupf488.css]
[demo.themerec.com/item/wordpress/thepro-dark/wp-content/themes/thepro/assets/css/style55a0.css]
[demo.themerec.com/item/wordpress/thepro-dark/wp-content/themes/thepro/assets/css/plugins/woocommerce55a0.css]
[demo.themerec.com/item/wordpress/thepro-dark/wp-content/themes/thepro/assets/css/colors/colorize55a0.css]
[demo.themerec.com/item/wordpress/thepro-dark/wp-content/themes/thepro/assets/css/lib/kursor4116.css]
[demo.themerec.com/item/wordpress/thepro-dark/wp-content/plugins/elementor/assets/css/frontend.min3d24.css]
[demo.themerec.com/item/wordpress/thepro-dark/wp-content/uploads/sites/8/elementor/css/post-36669dd.css]
[demo.themerec.com/item/wordpress/thepro-dark/wp-content/plugins/elementor/assets/css/widget-image.min3d24.css]
[demo.themerec.com/item/wordpress/thepro-dark/wp-content/plugins/elementor/assets/css/widget-heading.min3d24.css]
[demo.themerec.com/item/wordpress/thepro-dark/wp-content/plugins/elementor/assets/css/widget-divider.min3d24.css]
[demo.themerec.com/item/wordpress/thepro-dark/wp-content/plugins/elementor/assets/css/widget-counter.min3d24.css]
[demo.themerec.com/item/wordpress/thepro-dark/wp-content/plugins/elementor/assets/lib/swiper/v8/css/swiper.min94a4.css]
[demo.themerec.com/item/wordpress/thepro-dark/wp-content/plugins/elementor/assets/css/conditionals/e-swiper.min3d24.css]
[demo.themerec.com/item/wordpress/thepro-dark/wp-content/plugins/elementor/assets/css/widget-image-carousel.min3d24.css]
[demo.themerec.com/item/wordpress/thepro-dark/wp-content/plugins/woocommerce/assets/images/icons/loader.svg]
[demo.themerec.com/item/wordpress/thepro-dark/wp-content/uploads/sites/8/2023/11/header-bg-dark.jpg]
[demo.themerec.com/item/wordpress/thepro-dark/wp-content/uploads/sites/8/elementor/css/post-351a21c.css]
[demo.themerec.com/item/wordpress/thepro-dark/wp-content/uploads/sites/8/elementor/google-fonts/fonts/roboto-kfo5cnqeu92fr1mu53zec9_vu3r1gihoszmkc3kawzu.woff2]
[demo.themerec.com/item/wordpress/thepro-dark/wp-content/uploads/sites/8/elementor/google-fonts/fonts/roboto-kfo5cnqeu92fr1mu53zec9_vu3r1gihoszmkankawzu.woff2]
[demo.themerec.com/item/wordpress/thepro-dark/wp-content/uploads/sites/8/elementor/google-fonts/fonts/roboto-kfo5cnqeu92fr1mu53zec9_vu3r1gihoszmkcnkawzu.woff2]
[demo.themerec.com/item/wordpress/thepro-dark/wp-content/uploads/sites/8/elementor/google-fonts/fonts/roboto-kfo5cnqeu92fr1mu53zec9_vu3r1gihoszmkbxkawzu.woff2]
[demo.themerec.com/item/wordpress/thepro-dark/wp-content/uploads/sites/8/elementor/google-fonts/fonts/roboto-kfo5cnqeu92fr1mu53zec9_vu3r1gihoszmkenkawzu.woff2]
[demo.themerec.com/item/wordpress/thepro-dark/wp-content/uploads/sites/8/elementor/google-fonts/fonts/roboto-kfo5cnqeu92fr1mu53zec9_vu3r1gihoszmkahkawzu.woff2]
[demo.themerec.com/item/wordpress/thepro-dark/wp-content/uploads/sites/8/elementor/google-fonts/fonts/roboto-kfo5cnqeu92fr1mu53zec9_vu3r1gihoszmkcxkawzu.woff2]
[demo.themerec.com/item/wordpress/thepro-dark/wp-content/uploads/sites/8/elementor/google-fonts/fonts/roboto-kfo5cnqeu92fr1mu53zec9_vu3r1gihoszmkchkawzu.woff2]
[demo.themerec.com/item/wordpress/thepro-dark/wp-content/uploads/sites/8/elementor/google-fonts/fonts/roboto-kfo5cnqeu92fr1mu53zec9_vu3r1gihoszmkbnka.woff2]
[demo.themerec.com/item/wordpress/thepro-dark/wp-content/uploads/sites/8/elementor/google-fonts/fonts/roboto-kfo7cnqeu92fr1me7ksn66agldtyluama3gubgee.woff2]
[demo.themerec.com/item/wordpress/thepro-dark/wp-content/uploads/sites/8/elementor/google-fonts/fonts/roboto-kfo7cnqeu92fr1me7ksn66agldtyluama3iubgee.woff2]
[demo.themerec.com/item/wordpress/thepro-dark/wp-content/uploads/sites/8/elementor/google-fonts/fonts/roboto-kfo7cnqeu92fr1me7ksn66agldtyluama3cubgee.woff2]
[demo.themerec.com/item/wordpress/thepro-dark/wp-content/uploads/sites/8/elementor/google-fonts/fonts/roboto-kfo7cnqeu92fr1me7ksn66agldtyluama3-ubgee.woff2]
[demo.themerec.com/item/wordpress/thepro-dark/wp-content/uploads/sites/8/elementor/google-fonts/fonts/roboto-kfo7cnqeu92fr1me7ksn66agldtyluamawcubgee.woff2]
[demo.themerec.com/item/wordpress/thepro-dark/wp-content/uploads/sites/8/elementor/google-fonts/fonts/roboto-kfo7cnqeu92fr1me7ksn66agldtyluamaxkubgee.woff2]
[demo.themerec.com/item/wordpress/thepro-dark/wp-content/uploads/sites/8/elementor/google-fonts/fonts/roboto-kfo7cnqeu92fr1me7ksn66agldtyluama3oubgee.woff2]
[demo.themerec.com/item/wordpress/thepro-dark/wp-content/uploads/sites/8/elementor/google-fonts/fonts/roboto-kfo7cnqeu92fr1me7ksn66agldtyluama3kubgee.woff2]
[demo.themerec.com/item/wordpress/thepro-dark/wp-content/uploads/sites/8/elementor/google-fonts/fonts/roboto-kfo7cnqeu92fr1me7ksn66agldtyluama3yuba.woff2]
[demo.themerec.com/item/wordpress/thepro-dark/wp-content/uploads/sites/8/elementor/google-fonts/css/roboto3e22.css]
[demo.themerec.com/item/wordpress/thepro-dark/wp-content/uploads/sites/8/elementor/google-fonts/fonts/robotoslab-bngmuxzytxpivibgjjsb6ufa5qw54a.woff2]
[demo.themerec.com/item/wordpress/thepro-dark/wp-content/uploads/sites/8/elementor/google-fonts/fonts/robotoslab-bngmuxzytxpivibgjjsb6ufj5qw54a.woff2]
[demo.themerec.com/item/wordpress/thepro-dark/wp-content/uploads/sites/8/elementor/google-fonts/fonts/robotoslab-bngmuxzytxpivibgjjsb6ufb5qw54a.woff2]
[demo.themerec.com/item/wordpress/thepro-dark/wp-content/uploads/sites/8/elementor/google-fonts/fonts/robotoslab-bngmuxzytxpivibgjjsb6ufo5qw54a.woff2]
[demo.themerec.com/item/wordpress/thepro-dark/wp-content/uploads/sites/8/elementor/google-fonts/fonts/robotoslab-bngmuxzytxpivibgjjsb6ufc5qw54a.woff2]
[demo.themerec.com/item/wordpress/thepro-dark/wp-content/uploads/sites/8/elementor/google-fonts/fonts/robotoslab-bngmuxzytxpivibgjjsb6ufd5qw54a.woff2]
[demo.themerec.com/item/wordpress/thepro-dark/wp-content/uploads/sites/8/elementor/google-fonts/css/robotoslab5f56.css]
[demo.themerec.com/item/wordpress/thepro-dark/wp-content/uploads/sites/8/elementor/google-fonts/fonts/robotoslab-bngmuxzytxpivibgjjsb6ufn5qu.woff2]
[demo.themerec.com/item/wordpress/thepro-dark/wp-content/uploads/sites/8/elementor/google-fonts/fonts/poppins-pxiayp8kv8jhgfvrjjlme0tmmpkzsq.woff2]
[demo.themerec.com/item/wordpress/thepro-dark/wp-content/uploads/sites/8/elementor/google-fonts/fonts/poppins-pxiayp8kv8jhgfvrjjlme0tcmpi.woff2]
[demo.themerec.com/item/wordpress/thepro-dark/wp-content/uploads/sites/8/elementor/google-fonts/fonts/poppins-pxidyp8kv8jhgfvrjjlmv1pvgdeoceg.woff2]
[demo.themerec.com/item/wordpress/thepro-dark/wp-content/uploads/sites/8/elementor/google-fonts/fonts/poppins-pxidyp8kv8jhgfvrjjlmv1pvf9eo.woff2]
[demo.themerec.com/item/wordpress/thepro-dark/wp-content/uploads/sites/8/elementor/google-fonts/fonts/poppins-pxidyp8kv8jhgfvrjjlm21lvgdeoceg.woff2]
[demo.themerec.com/item/wordpress/thepro-dark/wp-content/uploads/sites/8/elementor/google-fonts/fonts/poppins-pxidyp8kv8jhgfvrjjlm21lvf9eo.woff2]
[demo.themerec.com/item/wordpress/thepro-dark/wp-content/uploads/sites/8/elementor/google-fonts/fonts/poppins-pxigyp8kv8jhgfvrjjlufntakpy.woff2]
[demo.themerec.com/item/wordpress/thepro-dark/wp-content/uploads/sites/8/elementor/google-fonts/fonts/poppins-pxigyp8kv8jhgfvrjjluchta.woff2]
[demo.themerec.com/item/wordpress/thepro-dark/wp-content/uploads/sites/8/elementor/google-fonts/fonts/poppins-pxidyp8kv8jhgfvrjjlmg1hvgdeoceg.woff2]
[demo.themerec.com/item/wordpress/thepro-dark/wp-content/uploads/sites/8/elementor/google-fonts/fonts/poppins-pxidyp8kv8jhgfvrjjlmg1hvf9eo.woff2]
[demo.themerec.com/item/wordpress/thepro-dark/wp-content/uploads/sites/8/elementor/google-fonts/fonts/poppins-pxidyp8kv8jhgfvrjjlmr19vgdeoceg.woff2]
[demo.themerec.com/item/wordpress/thepro-dark/wp-content/uploads/sites/8/elementor/google-fonts/fonts/poppins-pxidyp8kv8jhgfvrjjlmr19vf9eo.woff2]
[demo.themerec.com/item/wordpress/thepro-dark/wp-content/uploads/sites/8/elementor/google-fonts/fonts/poppins-pxidyp8kv8jhgfvrjjlmy15vgdeoceg.woff2]
[demo.themerec.com/item/wordpress/thepro-dark/wp-content/uploads/sites/8/elementor/google-fonts/fonts/poppins-pxidyp8kv8jhgfvrjjlmy15vf9eo.woff2]
[demo.themerec.com/item/wordpress/thepro-dark/wp-content/uploads/sites/8/elementor/google-fonts/fonts/poppins-pxidyp8kv8jhgfvrjjlm111vgdeoceg.woff2]
[demo.themerec.com/item/wordpress/thepro-dark/wp-content/uploads/sites/8/elementor/google-fonts/fonts/poppins-pxidyp8kv8jhgfvrjjlm111vf9eo.woff2]
[demo.themerec.com/item/wordpress/thepro-dark/wp-content/uploads/sites/8/elementor/google-fonts/fonts/poppins-pxidyp8kv8jhgfvrjjlm81xvgdeoceg.woff2]
[demo.themerec.com/item/wordpress/thepro-dark/wp-content/uploads/sites/8/elementor/google-fonts/fonts/poppins-pxidyp8kv8jhgfvrjjlm81xvf9eo.woff2]
[demo.themerec.com/item/wordpress/thepro-dark/wp-content/uploads/sites/8/elementor/google-fonts/fonts/poppins-pxigyp8kv8jhgfvrlptufntakpy.woff2]
[demo.themerec.com/item/wordpress/thepro-dark/wp-content/uploads/sites/8/elementor/google-fonts/fonts/poppins-pxigyp8kv8jhgfvrlptuchta.woff2]
[demo.themerec.com/item/wordpress/thepro-dark/wp-content/uploads/sites/8/elementor/google-fonts/fonts/poppins-pxibyp8kv8jhgfvrlfj_z1jlfc-k.woff2]
[demo.themerec.com/item/wordpress/thepro-dark/wp-content/uploads/sites/8/elementor/google-fonts/fonts/poppins-pxibyp8kv8jhgfvrlfj_z1xlfq.woff2]
[demo.themerec.com/item/wordpress/thepro-dark/wp-content/uploads/sites/8/elementor/google-fonts/fonts/poppins-pxibyp8kv8jhgfvrldz8z1jlfc-k.woff2]
[demo.themerec.com/item/wordpress/thepro-dark/wp-content/uploads/sites/8/elementor/google-fonts/fonts/poppins-pxibyp8kv8jhgfvrldz8z1xlfq.woff2]
[demo.themerec.com/item/wordpress/thepro-dark/wp-content/uploads/sites/8/elementor/google-fonts/fonts/poppins-pxieyp8kv8jhgfvrjjnecmne.woff2]
[demo.themerec.com/item/wordpress/thepro-dark/wp-content/uploads/sites/8/elementor/google-fonts/fonts/poppins-pxieyp8kv8jhgfvrjjfecg.woff2]
[demo.themerec.com/item/wordpress/thepro-dark/wp-content/uploads/sites/8/elementor/google-fonts/fonts/poppins-pxibyp8kv8jhgfvrlgt9z1jlfc-k.woff2]
[demo.themerec.com/item/wordpress/thepro-dark/wp-content/uploads/sites/8/elementor/google-fonts/fonts/poppins-pxibyp8kv8jhgfvrlgt9z1xlfq.woff2]
[demo.themerec.com/item/wordpress/thepro-dark/wp-content/uploads/sites/8/elementor/google-fonts/fonts/poppins-pxibyp8kv8jhgfvrlej6z1jlfc-k.woff2]
[demo.themerec.com/item/wordpress/thepro-dark/wp-content/uploads/sites/8/elementor/google-fonts/fonts/poppins-pxibyp8kv8jhgfvrlej6z1xlfq.woff2]
[demo.themerec.com/item/wordpress/thepro-dark/wp-content/uploads/sites/8/elementor/google-fonts/fonts/poppins-pxibyp8kv8jhgfvrlcz7z1jlfc-k.woff2]
[demo.themerec.com/item/wordpress/thepro-dark/wp-content/uploads/sites/8/elementor/google-fonts/fonts/poppins-pxibyp8kv8jhgfvrlcz7z1xlfq.woff2]
[demo.themerec.com/item/wordpress/thepro-dark/wp-content/uploads/sites/8/elementor/google-fonts/fonts/poppins-pxibyp8kv8jhgfvrldd4z1jlfc-k.woff2]
[demo.themerec.com/item/wordpress/thepro-dark/wp-content/uploads/sites/8/elementor/google-fonts/fonts/poppins-pxibyp8kv8jhgfvrldd4z1xlfq.woff2]
[demo.themerec.com/item/wordpress/thepro-dark/wp-content/uploads/sites/8/elementor/google-fonts/fonts/poppins-pxibyp8kv8jhgfvrlbt5z1jlfc-k.woff2]
[demo.themerec.com/item/wordpress/thepro-dark/wp-content/uploads/sites/8/elementor/google-fonts/fonts/poppins-pxibyp8kv8jhgfvrlbt5z1xlfq.woff2]
[demo.themerec.com/item/wordpress/thepro-dark/wp-content/uploads/sites/8/elementor/google-fonts/css/poppins1ca6.css]
[demo.themerec.com/item/wordpress/thepro-dark/wp-includes/css/dist/block-library/style.min32d4.css]
[demo.themerec.com/item/wordpress/thepro-dark/wp-content/plugins/woocommerce/assets/css/select2d3a6.css]
[demo.themerec.com/item/wordpress/thepro-dark/wp-content/plugins/woocommerce/assets/js/frontend/country-select.mind3a6.js]
[demo.themerec.com/item/wordpress/thepro-dark/wp-content/plugins/woocommerce/assets/js/frontend/address-i18n.mind3a6.js]
[demo.themerec.com/item/wordpress/thepro-dark/wp-content/plugins/woocommerce/assets/js/frontend/cart.mind3a6.js]
[demo.themerec.com/item/wordpress/thepro-dark/wp-content/plugins/woocommerce/assets/js/selectWoo/selectWoo.full.min7ea0.js]
[demo.themerec.com/item/wordpress/thepro-dark/wp-json/wp/v2/pages/7.json]
[demo.themerec.com/item/wordpress/thepro-dark/wp-json/oembed/1.0/embedae30.json]
[demo.themerec.com/item/wordpress/thepro-dark/cart/index.html]
[demo.themerec.com/item/wordpress/thepro-dark/wp-json/oembed/1.0/embedf3d2]
[demo.themerec.com/item/wordpress/thepro-dark/wp-content/uploads/sites/8/2023/11/mug-300x300.jpg]
[demo.themerec.com/item/wordpress/thepro-dark/wp-content/uploads/sites/8/2023/11/mask-300x300.jpg]
[demo.themerec.com/item/wordpress/thepro-dark/shop/feed/index.html]
[demo.themerec.com/item/wordpress/thepro-dark/wp-content/uploads/sites/8/2023/11/water-bottle-300x300.jpg]
[demo.themerec.com/item/wordpress/thepro-dark/wp-content/uploads/sites/8/2023/11/phone-case-300x300.jpg]
[demo.themerec.com/item/wordpress/thepro-dark/wp-content/uploads/sites/8/2023/11/t-shirt-300x300.jpg]
[demo.themerec.com/item/wordpress/thepro-dark/product/ceramic-mug/index.html]
[demo.themerec.com/item/wordpress/thepro-dark/wp-content/uploads/sites/8/2023/11/book-300x300.jpg]
[demo.themerec.com/item/wordpress/thepro-dark/shop/index.html]
[demo.themerec.com/item/wordpress/thepro-dark/shop/index4976.html]
[demo.themerec.com/item/wordpress/thepro-dark/wp-json/wp/v2/portfolio/50.json]
[demo.themerec.com/item/wordpress/thepro-dark/product/cloth-face-mask/index.html]
[demo.themerec.com/item/wordpress/thepro-dark/shop/indexafbb.html]
[demo.themerec.com/item/wordpress/thepro-dark/shop/index586c.html]
[demo.themerec.com/item/wordpress/thepro-dark/wp-json/oembed/1.0/embed9d46.json]
[demo.themerec.com/item/wordpress/thepro-dark/product/plastic-smartphone-case/index.html]
[demo.themerec.com/item/wordpress/thepro-dark/product/water-bottle/index.html]
[demo.themerec.com/item/wordpress/thepro-dark/product/black-t-shirt/index.html]
[demo.themerec.com/item/wordpress/thepro-dark/shop/index564a.html]
[demo.themerec.com/item/wordpress/thepro-dark/wp-json/oembed/1.0/embedd73b]
[demo.themerec.com/item/wordpress/thepro-dark/product/book-design/index.html]
[demo.themerec.com/item/wordpress/thepro-dark/shop/page/2/index.html]
[demo.themerec.com/item/wordpress/thepro-dark/wp-content/uploads/sites/8/2022/06/portfolio_img_1-1-680x426.jpg]
[demo.themerec.com/item/wordpress/thepro-dark/shop/index0634.html]
[demo.themerec.com/item/wordpress/thepro-dark/portfolio/image-project/feed/index.html]
[demo.themerec.com/item/wordpress/thepro-dark/wp-content/uploads/sites/8/2022/06/portfolio_img_2-1-1.jpg]
[demo.themerec.com/item/wordpress/thepro-dark/portfolio_category/image/index.html]
[demo.themerec.com/item/wordpress/thepro-dark/wp-content/uploads/sites/8/2022/06/portfolio_img_4-1-1.jpg]
[demo.themerec.com/item/wordpress/thepro-dark/portfolio/image-project/index.html]
[www.pinterest.com/pin-builder/index7cc4.html]
[demo.themerec.com/item/wordpress/thepro-dark/wp-json/wp/v2/portfolio/47.json]
[demo.themerec.com/item/wordpress/thepro-dark/portfolio/audio-project/feed/index.html]
[demo.themerec.com/item/wordpress/thepro-dark/wp-json/oembed/1.0/embed045f.json]
[demo.themerec.com/item/wordpress/thepro-dark/portfolio/audio-project/index.html]
[demo.themerec.com/item/wordpress/thepro-dark/wp-json/oembed/1.0/embed53ff]
[www.pinterest.com/pin-builder/indexcd61.html]
[demo.themerec.com/item/wordpress/thepro-dark/wp-json/wp/v2/portfolio/44.json]
[demo.themerec.com/item/wordpress/thepro-dark/portfolio/video-project/feed/index.html]
[demo.themerec.com/item/wordpress/thepro-dark/portfolio_category/audio/index.html]
[demo.themerec.com/item/wordpress/thepro-dark/wp-json/oembed/1.0/embed6aba.json]
[demo.themerec.com/item/wordpress/thepro-dark/wp-json/oembed/1.0/embedf2df]
[demo.themerec.com/item/wordpress/thepro-dark/portfolio/video-project/index.html]
[demo.themerec.com/item/wordpress/thepro-dark/wp-includes/js/comment-reply.min32d4.js]
[demo.themerec.com/item/wordpress/thepro-dark/portfolio_category/video/index.html]
[demo.themerec.com/item/wordpress/thepro-dark/portfolio/content-project/feed/index.html]
[demo.themerec.com/item/wordpress/thepro-dark/wp-json/wp/v2/portfolio/41.json]
[demo.themerec.com/item/wordpress/thepro-dark/wp-json/oembed/1.0/embed4a2a.json]
[demo.themerec.com/item/wordpress/thepro-dark/wp-json/oembed/1.0/embed91a7]
[demo.themerec.com/item/wordpress/thepro-dark/wp-content/uploads/sites/8/2022/06/portfolio_img_4-2-680x426.jpg]
[demo.themerec.com/item/wordpress/thepro-dark/portfolio/content-project/index.html]
[www.pinterest.com/pin-builder/index3f82.html]
[www.pinterest.com/pin-builder/index9065.html]
[demo.themerec.com/item/wordpress/thepro-dark/portfolio_category/content/index.html]
[demo.themerec.com/item/wordpress/thepro-dark/wp-json/wp/v2/portfolio/38.json]
[demo.themerec.com/item/wordpress/thepro-dark/portfolio/link-project/feed/index.html]
[demo.themerec.com/item/wordpress/thepro-dark/wp-json/oembed/1.0/embeddec2.json]
[demo.themerec.com/item/wordpress/thepro-dark/wp-json/oembed/1.0/embedbe5f]
[demo.themerec.com/item/wordpress/thepro-dark/wp-content/uploads/sites/8/2022/06/portfolio_img_5-1-680x426.jpg]
[demo.themerec.com/item/wordpress/thepro-dark/portfolio/link-project/index.html]
[demo.themerec.com/item/wordpress/thepro-dark/wp-json/wp/v2/portfolio/29.json]
[demo.themerec.com/item/wordpress/thepro-dark/portfolio_category/links/index.html]
[demo.themerec.com/item/wordpress/thepro-dark/portfolio/themerec-website/feed/index.html]
[demo.themerec.com/item/wordpress/thepro-dark/wp-json/oembed/1.0/embedb26b.json]
[www.pinterest.com/pin-builder/index1da8.html]
[demo.themerec.com/item/wordpress/thepro-dark/wp-json/oembed/1.0/embeda569]
[demo.themerec.com/item/wordpress/thepro-dark/wp-content/uploads/sites/8/2022/06/portfolio_img_6-1-680x426.jpg]
[demo.themerec.com/item/wordpress/thepro-dark/portfolio/themerec-website/index.html]
[demo.themerec.com/item/wordpress/thepro-dark/portfolio/index.html]
[demo.themerec.com/item/wordpress/thepro-dark/portfolio_category/website/index.html]
[demo.themerec.com/item/wordpress/thepro-dark/portfolio/feed/index.html]
[www.pinterest.com/pin-builder/index8cd8.html]
[demo.themerec.com/item/wordpress/thepro-dark/wp-json/wp/v2/posts/83.json]
[demo.themerec.com/item/wordpress/thepro-dark/how-to-improve-work-performance/feed/index.html]
[demo.themerec.com/item/wordpress/thepro-dark/wp-json/oembed/1.0/embed017e.json]
[demo.themerec.com/item/wordpress/thepro-dark/how-to-improve-work-performance/index.html]
[demo.themerec.com/item/wordpress/thepro-dark/wp-json/oembed/1.0/embedb903]
[demo.themerec.com/item/wordpress/thepro-dark/category/business/index.html]
[demo.themerec.com/item/wordpress/thepro-dark/author/demorec/index.html]
[demo.themerec.com/item/wordpress/thepro-dark/tag/improve/index.html]
[demo.themerec.com/item/wordpress/thepro-dark/tag/business/index.html]
[demo.themerec.com/item/wordpress/thepro-dark/wp-json/wp/v2/posts/80.json]
[demo.themerec.com/item/wordpress/thepro-dark/tag/management/index.html]
[demo.themerec.com/item/wordpress/thepro-dark/tag/work/index.html]
[demo.themerec.com/item/wordpress/thepro-dark/wp-json/oembed/1.0/embed23b8.json]
[demo.themerec.com/item/wordpress/thepro-dark/how-to-improve-work-performance/index6944.html]
[www.pinterest.com/pin-builder/index94b5.html]
[demo.themerec.com/item/wordpress/thepro-dark/how-to-improve-work-performance/indexa858.html]
[demo.themerec.com/item/wordpress/thepro-dark/what-is-the-metaverse-exactly/feed/index.html]
[demo.themerec.com/item/wordpress/thepro-dark/what-is-the-metaverse-exactly/index.html]
[demo.themerec.com/item/wordpress/thepro-dark/wp-json/oembed/1.0/embed6897]
[demo.themerec.com/item/wordpress/thepro-dark/category/metaverse/index.html]
[demo.themerec.com/item/wordpress/thepro-dark/tag/crypto/index.html]
[demo.themerec.com/item/wordpress/thepro-dark/wp-json/wp/v2/posts/77.json]
[demo.themerec.com/item/wordpress/thepro-dark/tag/future/index.html]
[demo.themerec.com/item/wordpress/thepro-dark/tag/metaverse/index.html]
[www.pinterest.com/pin-builder/index2d98.html]
[demo.themerec.com/item/wordpress/thepro-dark/what-is-the-metaverse-exactly/index94a5.html]
[demo.themerec.com/item/wordpress/thepro-dark/wp-json/oembed/1.0/embeda4f3.json]
[demo.themerec.com/item/wordpress/thepro-dark/what-is-the-metaverse-exactly/indexfc06.html]
[demo.themerec.com/item/wordpress/thepro-dark/how-to-work-from-home/index.html]
[demo.themerec.com/item/wordpress/thepro-dark/how-to-work-from-home/feed/index.html]
[demo.themerec.com/item/wordpress/thepro-dark/wp-json/oembed/1.0/embed1c1f]
[demo.themerec.com/item/wordpress/thepro-dark/category/freelance/index.html]
[demo.themerec.com/item/wordpress/thepro-dark/wp-content/uploads/sites/8/2022/06/blog_img_4-1.jpg]
[demo.themerec.com/item/wordpress/thepro-dark/tag/earn/index.html]
[demo.themerec.com/item/wordpress/thepro-dark/tag/freelance/index.html]
[demo.themerec.com/item/wordpress/thepro-dark/wp-content/uploads/sites/8/2022/06/blog_img_5-1.jpg]
[demo.themerec.com/item/wordpress/thepro-dark/tag/home/index.html]
[www.pinterest.com/pin-builder/indexc0e2.html]
[demo.themerec.com/item/wordpress/thepro-dark/wp-content/uploads/sites/8/2022/06/blog_img_6-1.jpg]
[demo.themerec.com/item/wordpress/thepro-dark/blog/index.html]
[demo.themerec.com/item/wordpress/thepro-dark/top-graphic-design-topics/index.html]
[demo.themerec.com/item/wordpress/thepro-dark/wp-content/plugins/woocommerce/assets/client/blocks/wc-blocks8868.css]
[demo.themerec.com/item/wordpress/thepro-dark/how-to-work-from-home/index267f.html]
[demo.themerec.com/item/wordpress/thepro-dark/wp-content/plugins/woocommerce/assets/images/icons/loader.svg]
[demo.themerec.com/item/wordpress/thepro-dark/how-to-work-from-home/index41b7.html]
[demo.themerec.com/item/wordpress/thepro-dark/wp-includes/css/dist/block-library/style.min32d4.css]
[demo.themerec.com/item/wordpress/thepro-dark/wp-content/plugins/woocommerce/assets/css/select2d3a6.css]
[demo.themerec.com/item/wordpress/thepro-dark/indexc4f7.html]
[demo.themerec.com/item/wordpress/thepro-dark/time-management-tips/index.html]
[demo.themerec.com/item/wordpress/thepro-dark/top-tools-for-photographers/index.html]
[demo.themerec.com/item/wordpress/thepro-dark/blog/page/2/index.html]
[demo.themerec.com/item/wordpress/thepro-dark/wp-content/plugins/woocommerce/assets/css/photoswipe/photoswipe.mind3a6.css]
[demo.themerec.com/item/wordpress/thepro-dark/product/ceramic-mug/feed/index.html]
[demo.themerec.com/item/wordpress/thepro-dark/wp-content/plugins/woocommerce/assets/css/photoswipe/default-skin/default-skin.mind3a6.css]
[demo.themerec.com/item/wordpress/thepro-dark/wp-content/plugins/woocommerce/assets/js/zoom/jquery.zoom.mincdd5.js]
[demo.themerec.com/item/wordpress/thepro-dark/wp-content/plugins/woocommerce/assets/js/flexslider/jquery.flexslider.minf03a.js]
[demo.themerec.com/item/wordpress/thepro-dark/wp-content/plugins/woocommerce/assets/js/photoswipe/photoswipe.min3315.js]
[demo.themerec.com/item/wordpress/thepro-dark/wp-content/plugins/woocommerce/assets/js/photoswipe/photoswipe-ui-default.min3315.js]
[demo.themerec.com/item/wordpress/thepro-dark/wp-content/plugins/woocommerce/assets/js/frontend/single-product.mind3a6.js]
[demo.themerec.com/item/wordpress/thepro-dark/wp-json/wp/v2/product/291.json]
[demo.themerec.com/item/wordpress/thepro-dark/wp-json/oembed/1.0/embedc9bd.json]
[demo.themerec.com/item/wordpress/thepro-dark/wp-json/oembed/1.0/embed1ebb]
[demo.themerec.com/item/wordpress/thepro-dark/wp-content/uploads/sites/8/2023/11/mug.jpg]
[demo.themerec.com/item/wordpress/thepro-dark/wp-content/uploads/sites/8/2023/11/mug-600x600.jpg]
[demo.themerec.com/item/wordpress/thepro-dark/wp-content/uploads/sites/8/2023/11/mug-white.jpg]
[demo.themerec.com/item/wordpress/thepro-dark/wp-content/uploads/sites/8/2023/11/mug-white-600x600.jpg]
[demo.themerec.com/item/wordpress/thepro-dark/wp-content/uploads/sites/8/2023/11/mug-with-bg.jpg]
[demo.themerec.com/item/wordpress/thepro-dark/wp-content/uploads/sites/8/2023/11/mug-with-bg-600x600.jpg]
[demo.themerec.com/item/wordpress/thepro-dark/product/ceramic-mug/index.html]
[demo.themerec.com/item/wordpress/thepro-dark/shop/index4976.html]
[demo.themerec.com/item/wordpress/thepro-dark/product-category/mug/index.html]
[demo.themerec.com/item/wordpress/thepro-dark/product-tag/cup/index.html]
[demo.themerec.com/item/wordpress/thepro-dark/product-tag/mug/index.html]
[demo.themerec.com/item/wordpress/thepro-dark/wp-json/wp/v2/product/289.json]
[demo.themerec.com/item/wordpress/thepro-dark/product/cloth-face-mask/feed/index.html]
[demo.themerec.com/item/wordpress/thepro-dark/checkout/index.html]
[demo.themerec.com/item/wordpress/thepro-dark/wp-json/oembed/1.0/embedb2d0.json]
[demo.themerec.com/item/wordpress/thepro-dark/wp-json/oembed/1.0/embed8fbe]
[demo.themerec.com/item/wordpress/thepro-dark/wp-content/uploads/sites/8/2023/11/mask.jpg]
[demo.themerec.com/item/wordpress/thepro-dark/wp-content/uploads/sites/8/2023/11/mask-600x600.jpg]
[demo.themerec.com/item/wordpress/thepro-dark/wp-content/uploads/sites/8/2023/11/hat-300x300.jpg]
[demo.themerec.com/item/wordpress/thepro-dark/product/cloth-face-mask/index.html]
[demo.themerec.com/item/wordpress/thepro-dark/shop/indexafbb.html]
[demo.themerec.com/item/wordpress/thepro-dark/product-category/clothes/index.html]
[demo.themerec.com/item/wordpress/thepro-dark/product-category/mask/index.html]
[demo.themerec.com/item/wordpress/thepro-dark/wp-json/wp/v2/product/288.json]
[demo.themerec.com/item/wordpress/thepro-dark/product/black-cap/index.html]
[demo.themerec.com/item/wordpress/thepro-dark/product/water-bottle/feed/index.html]
[demo.themerec.com/item/wordpress/thepro-dark/product/cloth-face-mask/indexfeb9.html]
[demo.themerec.com/item/wordpress/thepro-dark/wp-json/oembed/1.0/embedad70.json]
[demo.themerec.com/item/wordpress/thepro-dark/wp-json/oembed/1.0/embed32c1]
[demo.themerec.com/item/wordpress/thepro-dark/wp-content/uploads/sites/8/2023/11/water-bottle.jpg]
[demo.themerec.com/item/wordpress/thepro-dark/wp-content/uploads/sites/8/2023/11/water-bottle-600x600.jpg]
[demo.themerec.com/item/wordpress/thepro-dark/product/water-bottle/index.html]
[demo.themerec.com/item/wordpress/thepro-dark/shop/index586c.html]
[demo.themerec.com/item/wordpress/thepro-dark/wp-json/wp/v2/product/287.json]
[demo.themerec.com/item/wordpress/thepro-dark/product/plastic-smartphone-case/feed/index.html]
[demo.themerec.com/item/wordpress/thepro-dark/product-category/beverages/index.html]
[demo.themerec.com/item/wordpress/thepro-dark/wp-json/oembed/1.0/embedcddc.json]
[demo.themerec.com/item/wordpress/thepro-dark/wp-json/oembed/1.0/embed9dd6]
[demo.themerec.com/item/wordpress/thepro-dark/wp-content/uploads/sites/8/2023/11/phone-case.jpg]
[demo.themerec.com/item/wordpress/thepro-dark/wp-content/uploads/sites/8/2023/11/phone-case-600x600.jpg]
[demo.themerec.com/item/wordpress/thepro-dark/product/plastic-smartphone-case/index.html]
[demo.themerec.com/item/wordpress/thepro-dark/shop/index564a.html]
[demo.themerec.com/item/wordpress/thepro-dark/product-tag/phone/index.html]
[demo.themerec.com/item/wordpress/thepro-dark/product-tag/accessories/index.html]
[demo.themerec.com/item/wordpress/thepro-dark/product-category/accessories/index.html]
[demo.themerec.com/item/wordpress/thepro-dark/wp-json/wp/v2/product/286.json]
[demo.themerec.com/item/wordpress/thepro-dark/product/black-t-shirt/feed/index.html]
[demo.themerec.com/item/wordpress/thepro-dark/wp-json/oembed/1.0/embed9464.json]
[demo.themerec.com/item/wordpress/thepro-dark/wp-json/oembed/1.0/embed2188]
[demo.themerec.com/item/wordpress/thepro-dark/wp-content/uploads/sites/8/2023/11/t-shirt.jpg]
[demo.themerec.com/item/wordpress/thepro-dark/wp-content/uploads/sites/8/2023/11/t-shirt-600x600.jpg]
[demo.themerec.com/item/wordpress/thepro-dark/product/black-t-shirt/index.html]
[demo.themerec.com/item/wordpress/thepro-dark/product-category/t-shirt/index.html]
[demo.themerec.com/item/wordpress/thepro-dark/wp-json/wp/v2/product/294.json]
[demo.themerec.com/item/wordpress/thepro-dark/product/black-t-shirt/indexfeb9.html]
[demo.themerec.com/item/wordpress/thepro-dark/product/book-design/feed/index.html]
[demo.themerec.com/item/wordpress/thepro-dark/product/black-t-shirt/indexafbb.html]
[demo.themerec.com/item/wordpress/thepro-dark/wp-json/oembed/1.0/embed0ff0.json]
[demo.themerec.com/item/wordpress/thepro-dark/wp-json/oembed/1.0/embed14d6]
[demo.themerec.com/item/wordpress/thepro-dark/wp-content/uploads/sites/8/2023/11/book.jpg]
[demo.themerec.com/item/wordpress/thepro-dark/wp-content/uploads/sites/8/2023/11/book-600x600.jpg]
[demo.themerec.com/item/wordpress/thepro-dark/product/book-design/index.html]
[demo.themerec.com/item/wordpress/thepro-dark/shop/index0634.html]
[demo.themerec.com/item/wordpress/thepro-dark/shop/page/2/index.html]
[demo.themerec.com/item/wordpress/thepro-dark/index6aed.html]
[demo.themerec.com/item/wordpress/thepro-dark/shop/page/2/indexfeb9.html]
[demo.themerec.com/item/wordpress/thepro-dark/product-category/book/index.html]
[demo.themerec.com/item/wordpress/thepro-dark/wp-json/wp/v2/portfolio_category/51.json]
[demo.themerec.com/item/wordpress/thepro-dark/portfolio_category/image/feed/index.html]
[demo.themerec.com/item/wordpress/thepro-dark/portfolio_category/image/index.html]
[www.pinterest.com/pin-builder/index7cc4.html]
[demo.themerec.com/item/wordpress/thepro-dark/indexcb30.html]
[demo.themerec.com/item/wordpress/thepro-dark/wp-json/wp/v2/portfolio_category/56.json]
[demo.themerec.com/item/wordpress/thepro-dark/portfolio_category/audio/feed/index.html]
[demo.themerec.com/item/wordpress/thepro-dark/portfolio_category/audio/index.html]
[www.pinterest.com/pin-builder/indexcd61.html]
[demo.themerec.com/item/wordpress/thepro-dark/index49b1.html]
[demo.themerec.com/item/wordpress/thepro-dark/wp-json/wp/v2/portfolio_category/60.json]
[demo.themerec.com/item/wordpress/thepro-dark/portfolio_category/video/feed/index.html]
[demo.themerec.com/item/wordpress/thepro-dark/portfolio_category/video/index.html]
[www.pinterest.com/pin-builder/index3f82.html]
[demo.themerec.com/item/wordpress/thepro-dark/indexcbb6.html]
[demo.themerec.com/item/wordpress/thepro-dark/wp-json/wp/v2/portfolio_category/48.json]
[demo.themerec.com/item/wordpress/thepro-dark/portfolio_category/content/feed/index.html]
[demo.themerec.com/item/wordpress/thepro-dark/portfolio_category/content/index.html]
[www.pinterest.com/pin-builder/index9065.html]
[demo.themerec.com/item/wordpress/thepro-dark/indexb93f.html]
[demo.themerec.com/item/wordpress/thepro-dark/wp-json/wp/v2/portfolio_category/52.json]
[demo.themerec.com/item/wordpress/thepro-dark/portfolio_category/links/feed/index.html]
[demo.themerec.com/item/wordpress/thepro-dark/portfolio_category/links/index.html]
[www.pinterest.com/pin-builder/index1da8.html]
[demo.themerec.com/item/wordpress/thepro-dark/index9cd7.html]
[demo.themerec.com/item/wordpress/thepro-dark/wp-json/wp/v2/portfolio_category/61.json]
[demo.themerec.com/item/wordpress/thepro-dark/portfolio_category/website/feed/index.html]
[demo.themerec.com/item/wordpress/thepro-dark/portfolio_category/website/index.html]
[www.pinterest.com/pin-builder/index8cd8.html]
[demo.themerec.com/item/wordpress/thepro-dark/index55e4.html]
[demo.themerec.com/item/wordpress/thepro-dark/category/business/index.html]
[demo.themerec.com/item/wordpress/thepro-dark/wp-json/wp/v2/categories/16.json]
[demo.themerec.com/item/wordpress/thepro-dark/category/business/feed/index.html]
[demo.themerec.com/item/wordpress/thepro-dark/author/demorec/index.html]
[demo.themerec.com/item/wordpress/thepro-dark/wp-json/wp/v2/users/1.json]
[demo.themerec.com/item/wordpress/thepro-dark/author/demorec/feed/index.html]
[demo.themerec.com/item/wordpress/thepro-dark/author/demorec/page/2/index.html]
[demo.themerec.com/item/wordpress/thepro-dark/tag/business/index.html]
[demo.themerec.com/item/wordpress/thepro-dark/wp-json/wp/v2/tags/21.json]
[demo.themerec.com/item/wordpress/thepro-dark/tag/business/feed/index.html]
[demo.themerec.com/item/wordpress/thepro-dark/tag/improve/index.html]
[demo.themerec.com/item/wordpress/thepro-dark/wp-json/wp/v2/tags/31.json]
[demo.themerec.com/item/wordpress/thepro-dark/tag/improve/feed/index.html]
[demo.themerec.com/item/wordpress/thepro-dark/tag/management/index.html]
[demo.themerec.com/item/wordpress/thepro-dark/wp-json/wp/v2/tags/35.json]
[demo.themerec.com/item/wordpress/thepro-dark/tag/management/feed/index.html]
[demo.themerec.com/item/wordpress/thepro-dark/tag/work/index.html]
[www.pinterest.com/pin-builder/index94b5.html]
[demo.themerec.com/item/wordpress/thepro-dark/how-to-improve-work-performance/index6944.html]
[demo.themerec.com/item/wordpress/thepro-dark/how-to-improve-work-performance/indexa858.html]
[demo.themerec.com/item/wordpress/thepro-dark/indexbde5.html]
[demo.themerec.com/item/wordpress/thepro-dark/wp-json/wp/v2/tags/41.json]
[demo.themerec.com/item/wordpress/thepro-dark/tag/work/feed/index.html]
[demo.themerec.com/item/wordpress/thepro-dark/category/metaverse/index.html]
[demo.themerec.com/item/wordpress/thepro-dark/wp-json/wp/v2/categories/19.json]
[demo.themerec.com/item/wordpress/thepro-dark/category/metaverse/feed/index.html]
[demo.themerec.com/item/wordpress/thepro-dark/tag/crypto/index.html]
[demo.themerec.com/item/wordpress/thepro-dark/wp-json/wp/v2/tags/24.json]
[demo.themerec.com/item/wordpress/thepro-dark/tag/crypto/feed/index.html]
[demo.themerec.com/item/wordpress/thepro-dark/tag/future/index.html]
[demo.themerec.com/item/wordpress/thepro-dark/wp-json/wp/v2/tags/29.json]
[demo.themerec.com/item/wordpress/thepro-dark/tag/future/feed/index.html]
[demo.themerec.com/item/wordpress/thepro-dark/tag/metaverse/feed/index.html]
[demo.themerec.com/item/wordpress/thepro-dark/tag/metaverse/index.html]
[www.pinterest.com/pin-builder/index2d98.html]
[demo.themerec.com/item/wordpress/thepro-dark/what-is-the-metaverse-exactly/index94a5.html]
[demo.themerec.com/item/wordpress/thepro-dark/what-is-the-metaverse-exactly/indexfc06.html]
[demo.themerec.com/item/wordpress/thepro-dark/indexb135.html]
[demo.themerec.com/item/wordpress/thepro-dark/wp-json/wp/v2/tags/36.json]
[demo.themerec.com/item/wordpress/thepro-dark/category/freelance/index.html]
[demo.themerec.com/item/wordpress/thepro-dark/wp-json/wp/v2/categories/18.json]
[demo.themerec.com/item/wordpress/thepro-dark/category/freelance/feed/index.html]
[demo.themerec.com/item/wordpress/thepro-dark/tag/earn/index.html]
[demo.themerec.com/item/wordpress/thepro-dark/wp-json/wp/v2/tags/26.json]
[demo.themerec.com/item/wordpress/thepro-dark/tag/earn/feed/index.html]
[demo.themerec.com/item/wordpress/thepro-dark/tag/freelance/index.html]
[demo.themerec.com/item/wordpress/thepro-dark/wp-json/wp/v2/tags/28.json]
[demo.themerec.com/item/wordpress/thepro-dark/tag/freelance/feed/index.html]
[demo.themerec.com/item/wordpress/thepro-dark/tag/home/index.html]
[www.pinterest.com/pin-builder/indexc0e2.html]
[demo.themerec.com/item/wordpress/thepro-dark/wp-json/wp/v2/tags/30.json]
[demo.themerec.com/item/wordpress/thepro-dark/tag/home/feed/index.html]
[demo.themerec.com/item/wordpress/thepro-dark/wp-json/wp/v2/posts/74.json]
[demo.themerec.com/item/wordpress/thepro-dark/top-graphic-design-topics/feed/index.html]
[demo.themerec.com/item/wordpress/thepro-dark/wp-json/oembed/1.0/embede675.json]
[demo.themerec.com/item/wordpress/thepro-dark/top-graphic-design-topics/index.html]
[demo.themerec.com/item/wordpress/thepro-dark/how-to-work-from-home/index267f.html]
[demo.themerec.com/item/wordpress/thepro-dark/wp-json/oembed/1.0/embeda344]
[demo.themerec.com/item/wordpress/thepro-dark/how-to-work-from-home/index41b7.html]
[demo.themerec.com/item/wordpress/thepro-dark/tag/design/index.html]
[demo.themerec.com/item/wordpress/thepro-dark/category/design/index.html]
[demo.themerec.com/item/wordpress/thepro-dark/tag/topic/index.html]
[demo.themerec.com/item/wordpress/thepro-dark/tag/tricks/index.html]
[demo.themerec.com/item/wordpress/thepro-dark/top-graphic-design-topics/index8e42.html]
[demo.themerec.com/item/wordpress/thepro-dark/wp-json/wp/v2/posts/71.json]
[demo.themerec.com/item/wordpress/thepro-dark/top-tools-for-photographers/feed/index.html]
[www.pinterest.com/pin-builder/index5585.html]
[demo.themerec.com/item/wordpress/thepro-dark/wp-json/oembed/1.0/embed5b24.json]
[demo.themerec.com/item/wordpress/thepro-dark/top-tools-for-photographers/index.html]
[demo.themerec.com/item/wordpress/thepro-dark/wp-json/oembed/1.0/embed01bc]
[demo.themerec.com/item/wordpress/thepro-dark/category/photography/index.html]
[demo.themerec.com/item/wordpress/thepro-dark/tag/camera/index.html]
[demo.themerec.com/item/wordpress/thepro-dark/wp-json/wp/v2/posts/68.json]
[demo.themerec.com/item/wordpress/thepro-dark/tag/lights/index.html]
[demo.themerec.com/item/wordpress/thepro-dark/tag/photography/index.html]
[demo.themerec.com/item/wordpress/thepro-dark/wp-json/oembed/1.0/embed9a0c.json]
[demo.themerec.com/item/wordpress/thepro-dark/time-management-tips/feed/index.html]
[demo.themerec.com/item/wordpress/thepro-dark/top-tools-for-photographers/index21b4.html]
[www.pinterest.com/pin-builder/indexd870.html]
[demo.themerec.com/item/wordpress/thepro-dark/time-management-tips/index.html]
[demo.themerec.com/item/wordpress/thepro-dark/wp-json/oembed/1.0/embed8fcf]
[demo.themerec.com/item/wordpress/thepro-dark/learn-design-from-zero-to-hero/index.html]
[demo.themerec.com/item/wordpress/thepro-dark/tag/time/index.html]
[demo.themerec.com/item/wordpress/thepro-dark/wp-content/uploads/sites/8/2022/06/blog_img_7-1.jpg]
[demo.themerec.com/item/wordpress/thepro-dark/blog/page/2/index.html]
[www.pinterest.com/pin-builder/indexff12.html]
[demo.themerec.com/item/wordpress/thepro-dark/time-management-tips/index3094.html]
[demo.themerec.com/item/wordpress/thepro-dark/wp-content/plugins/woocommerce/assets/css/photoswipe/default-skin/default-skin.png]
[demo.themerec.com/item/wordpress/thepro-dark/wp-content/plugins/woocommerce/assets/css/photoswipe/photoswipe.mind3a6.css]
[demo.themerec.com/item/wordpress/thepro-dark/wp-content/plugins/woocommerce/assets/css/photoswipe/default-skin/default-skin.svg]
[demo.themerec.com/item/wordpress/thepro-dark/wp-content/plugins/woocommerce/assets/css/photoswipe/default-skin/preloader.gif]
[demo.themerec.com/item/wordpress/thepro-dark/wp-content/plugins/woocommerce/assets/css/photoswipe/default-skin/default-skin.mind3a6.css]
[demo.themerec.com/item/wordpress/thepro-dark/index820e.html]
[demo.themerec.com/item/wordpress/thepro-dark/product-category/mug/index.html]
[demo.themerec.com/item/wordpress/thepro-dark/wp-json/wp/v2/product_cat/54.json]
[demo.themerec.com/item/wordpress/thepro-dark/product-category/mug/feed/index.html]
[demo.themerec.com/item/wordpress/thepro-dark/product-tag/cup/index.html]
[demo.themerec.com/item/wordpress/thepro-dark/wp-json/wp/v2/product_tag/49.json]
[demo.themerec.com/item/wordpress/thepro-dark/product-category/mug/index4976.html]
[demo.themerec.com/item/wordpress/thepro-dark/product-tag/cup/feed/index.html]
[demo.themerec.com/item/wordpress/thepro-dark/product-tag/cup/index4976.html]
[demo.themerec.com/item/wordpress/thepro-dark/product-tag/mug/index.html]
[demo.themerec.com/item/wordpress/thepro-dark/cart/index36af.html]
[demo.themerec.com/item/wordpress/thepro-dark/product-tag/mug/feed/index.html]
[demo.themerec.com/item/wordpress/thepro-dark/wp-json/wp/v2/product_tag/55.json]
[demo.themerec.com/item/wordpress/thepro-dark/product-tag/mug/index4976.html]
[demo.themerec.com/item/wordpress/thepro-dark/wp-content/plugins/woocommerce/assets/js/frontend/checkout.mind3a6.js]
[demo.themerec.com/item/wordpress/thepro-dark/wp-json/wp/v2/pages/8.json]
[demo.themerec.com/item/wordpress/thepro-dark/wp-json/oembed/1.0/embedd700.json]
[demo.themerec.com/item/wordpress/thepro-dark/checkout/index.html]
[demo.themerec.com/item/wordpress/thepro-dark/index8902.html]
[demo.themerec.com/item/wordpress/thepro-dark/wp-json/oembed/1.0/embedb779]
[demo.themerec.com/item/wordpress/thepro-dark/product-category/clothes/index.html]
[demo.themerec.com/item/wordpress/thepro-dark/wp-json/wp/v2/product_cat/47.json]
[demo.themerec.com/item/wordpress/thepro-dark/product-category/clothes/feed/index.html]
[demo.themerec.com/item/wordpress/thepro-dark/product-category/clothes/indexafbb.html]
[demo.themerec.com/item/wordpress/thepro-dark/product-category/clothes/indexfeb9.html]
[demo.themerec.com/item/wordpress/thepro-dark/product-category/mask/index.html]
[demo.themerec.com/item/wordpress/thepro-dark/wp-json/wp/v2/product_cat/53.json]
[demo.themerec.com/item/wordpress/thepro-dark/product-category/mask/feed/index.html]
[demo.themerec.com/item/wordpress/thepro-dark/product-category/mask/indexafbb.html]
[demo.themerec.com/item/wordpress/thepro-dark/wp-json/wp/v2/product/276.json]
[demo.themerec.com/item/wordpress/thepro-dark/product/black-cap/feed/index.html]
[demo.themerec.com/item/wordpress/thepro-dark/wp-json/oembed/1.0/embed8aaa.json]
[demo.themerec.com/item/wordpress/thepro-dark/wp-json/oembed/1.0/embed6080]
[demo.themerec.com/item/wordpress/thepro-dark/wp-content/uploads/sites/8/2023/11/hat.jpg]
[demo.themerec.com/item/wordpress/thepro-dark/wp-content/uploads/sites/8/2023/11/hat-600x600.jpg]
[demo.themerec.com/item/wordpress/thepro-dark/product/black-cap/index.html]
[demo.themerec.com/item/wordpress/thepro-dark/product/cloth-face-mask/indexfeb9.html]
[demo.themerec.com/item/wordpress/thepro-dark/cart/index9ee6.html]
[demo.themerec.com/item/wordpress/thepro-dark/product-tag/cap/index.html]
[demo.themerec.com/item/wordpress/thepro-dark/index1d24.html]
[demo.themerec.com/item/wordpress/thepro-dark/product/black-cap/indexafbb.html]
[demo.themerec.com/item/wordpress/thepro-dark/product-tag/hat/index.html]
[demo.themerec.com/item/wordpress/thepro-dark/product-category/beverages/index.html]
[demo.themerec.com/item/wordpress/thepro-dark/wp-json/wp/v2/product_cat/44.json]
[demo.themerec.com/item/wordpress/thepro-dark/cart/index80ad.html]
[demo.themerec.com/item/wordpress/thepro-dark/product-category/beverages/feed/index.html]
[demo.themerec.com/item/wordpress/thepro-dark/product-category/beverages/index586c.html]
[demo.themerec.com/item/wordpress/thepro-dark/index486a.html]
[demo.themerec.com/item/wordpress/thepro-dark/product-category/accessories/index.html]
[demo.themerec.com/item/wordpress/thepro-dark/wp-json/wp/v2/product_cat/42.json]
[demo.themerec.com/item/wordpress/thepro-dark/product-category/accessories/feed/index.html]
[demo.themerec.com/item/wordpress/thepro-dark/product-category/accessories/index564a.html]
[demo.themerec.com/item/wordpress/thepro-dark/product-tag/accessories/index.html]
[demo.themerec.com/item/wordpress/thepro-dark/wp-json/wp/v2/product_tag/43.json]
[demo.themerec.com/item/wordpress/thepro-dark/product-tag/accessories/feed/index.html]
[demo.themerec.com/item/wordpress/thepro-dark/product-tag/accessories/index564a.html]
[demo.themerec.com/item/wordpress/thepro-dark/product-tag/phone/index.html]
[demo.themerec.com/item/wordpress/thepro-dark/cart/indexa3dd.html]
[demo.themerec.com/item/wordpress/thepro-dark/index5c97.html]
[demo.themerec.com/item/wordpress/thepro-dark/wp-json/wp/v2/product_tag/58.json]
[demo.themerec.com/item/wordpress/thepro-dark/product-tag/phone/feed/index.html]
[demo.themerec.com/item/wordpress/thepro-dark/product-tag/phone/index564a.html]
[demo.themerec.com/item/wordpress/thepro-dark/product-category/t-shirt/index.html]
[demo.themerec.com/item/wordpress/thepro-dark/product/black-t-shirt/indexafbb.html]
[demo.themerec.com/item/wordpress/thepro-dark/product/black-t-shirt/indexfeb9.html]
[demo.themerec.com/item/wordpress/thepro-dark/indexe2aa.html]
[demo.themerec.com/item/wordpress/thepro-dark/product-category/t-shirt/feed/index.html]
[demo.themerec.com/item/wordpress/thepro-dark/wp-json/wp/v2/product_cat/59.json]
[demo.themerec.com/item/wordpress/thepro-dark/product-category/book/index.html]
[demo.themerec.com/item/wordpress/thepro-dark/cart/index5f52.html]
[demo.themerec.com/item/wordpress/thepro-dark/shop/page/2/indexfeb9.html]
[demo.themerec.com/item/wordpress/thepro-dark/author/demorec/page/2/index.html]
[demo.themerec.com/item/wordpress/thepro-dark/wp-json/wp/v2/product_cat/45.json]
[demo.themerec.com/item/wordpress/thepro-dark/index49a5.html]
[demo.themerec.com/item/wordpress/thepro-dark/product-category/book/feed/index.html]
[demo.themerec.com/item/wordpress/thepro-dark/product-category/book/index0634.html]
[demo.themerec.com/item/wordpress/thepro-dark/category/design/index.html]
[demo.themerec.com/item/wordpress/thepro-dark/wp-json/wp/v2/categories/17.json]
[demo.themerec.com/item/wordpress/thepro-dark/category/design/feed/index.html]
[demo.themerec.com/item/wordpress/thepro-dark/tag/design/index.html]
[demo.themerec.com/item/wordpress/thepro-dark/wp-json/wp/v2/tags/25.json]
[demo.themerec.com/item/wordpress/thepro-dark/tag/design/feed/index.html]
[demo.themerec.com/item/wordpress/thepro-dark/tag/topic/index.html]
[demo.themerec.com/item/wordpress/thepro-dark/wp-json/wp/v2/tags/39.json]
[demo.themerec.com/item/wordpress/thepro-dark/tag/topic/feed/index.html]
[demo.themerec.com/item/wordpress/thepro-dark/tag/tricks/index.html]
[www.pinterest.com/pin-builder/index5585.html]
[demo.themerec.com/item/wordpress/thepro-dark/top-graphic-design-topics/index8e42.html]
[demo.themerec.com/item/wordpress/thepro-dark/index6cf3.html]
[demo.themerec.com/item/wordpress/thepro-dark/wp-json/wp/v2/tags/40.json]
[demo.themerec.com/item/wordpress/thepro-dark/tag/tricks/feed/index.html]
[demo.themerec.com/item/wordpress/thepro-dark/category/photography/index.html]
[demo.themerec.com/item/wordpress/thepro-dark/wp-json/wp/v2/categories/20.json]
[demo.themerec.com/item/wordpress/thepro-dark/category/photography/feed/index.html]
[demo.themerec.com/item/wordpress/thepro-dark/tag/camera/index.html]
[demo.themerec.com/item/wordpress/thepro-dark/wp-json/wp/v2/tags/22.json]
[demo.themerec.com/item/wordpress/thepro-dark/tag/camera/feed/index.html]
[demo.themerec.com/item/wordpress/thepro-dark/tag/lights/index.html]
[demo.themerec.com/item/wordpress/thepro-dark/wp-json/wp/v2/tags/34.json]
[demo.themerec.com/item/wordpress/thepro-dark/tag/lights/feed/index.html]
[demo.themerec.com/item/wordpress/thepro-dark/tag/photography/index.html]
[www.pinterest.com/pin-builder/indexd870.html]
[demo.themerec.com/item/wordpress/thepro-dark/top-tools-for-photographers/index21b4.html]
[demo.themerec.com/item/wordpress/thepro-dark/index7ef4.html]
[demo.themerec.com/item/wordpress/thepro-dark/wp-json/wp/v2/tags/37.json]
[demo.themerec.com/item/wordpress/thepro-dark/tag/photography/feed/index.html]
[demo.themerec.com/item/wordpress/thepro-dark/tag/time/index.html]
[www.pinterest.com/pin-builder/indexff12.html]
[demo.themerec.com/item/wordpress/thepro-dark/wp-json/wp/v2/tags/38.json]
[demo.themerec.com/item/wordpress/thepro-dark/tag/time/feed/index.html]
[demo.themerec.com/item/wordpress/thepro-dark/wp-json/wp/v2/posts/53.json]
[demo.themerec.com/item/wordpress/thepro-dark/learn-design-from-zero-to-hero/feed/index.html]
[demo.themerec.com/item/wordpress/thepro-dark/wp-json/oembed/1.0/embed706c.json]
[demo.themerec.com/item/wordpress/thepro-dark/learn-design-from-zero-to-hero/index.html]
[demo.themerec.com/item/wordpress/thepro-dark/time-management-tips/index3094.html]
[demo.themerec.com/item/wordpress/thepro-dark/wp-json/oembed/1.0/embed9e6f]
[demo.themerec.com/item/wordpress/thepro-dark/blog/page/1/index.html]
[demo.themerec.com/item/wordpress/thepro-dark/tag/course/index.html]
[demo.themerec.com/item/wordpress/thepro-dark/tag/learn/index.html]
[demo.themerec.com/item/wordpress/thepro-dark/tag/fast/index.html]
[demo.themerec.com/item/wordpress/thepro-dark/wp-content/plugins/woocommerce/assets/css/photoswipe/default-skin/default-skin.svg]
[demo.themerec.com/item/wordpress/thepro-dark/product-category/mug/index4976.html]
[demo.themerec.com/item/wordpress/thepro-dark/product-tag/cup/index4976.html]
[demo.themerec.com/item/wordpress/thepro-dark/product-tag/mug/index4976.html]
[demo.themerec.com/item/wordpress/thepro-dark/shop/indexaafe.html]
[demo.themerec.com/item/wordpress/thepro-dark/index2df4.html]
[demo.themerec.com/item/wordpress/thepro-dark/cart/index234c.html]
[demo.themerec.com/item/wordpress/thepro-dark/product-category/clothes/indexafbb.html]
[demo.themerec.com/item/wordpress/thepro-dark/product-category/clothes/indexfeb9.html]
[demo.themerec.com/item/wordpress/thepro-dark/product-category/mask/indexafbb.html]
[demo.themerec.com/item/wordpress/thepro-dark/index44be.html]
[demo.themerec.com/item/wordpress/thepro-dark/learn-design-from-zero-to-hero/index0e22.html]
[www.pinterest.com/pin-builder/index5650.html]
[demo.themerec.com/item/wordpress/thepro-dark/product-tag/cap/index.html]
[demo.themerec.com/item/wordpress/thepro-dark/wp-json/wp/v2/product_tag/46.json]
[demo.themerec.com/item/wordpress/thepro-dark/product-tag/cap/feed/index.html]
[demo.themerec.com/item/wordpress/thepro-dark/product-tag/hat/feed/index.html]
[demo.themerec.com/item/wordpress/thepro-dark/product-tag/hat/index.html]
[demo.themerec.com/item/wordpress/thepro-dark/product/black-cap/indexafbb.html]
[demo.themerec.com/item/wordpress/thepro-dark/cart/indexca9b.html]
[demo.themerec.com/item/wordpress/thepro-dark/cart/index84e2.html]
[demo.themerec.com/item/wordpress/thepro-dark/cart/index7b87.html]
[demo.themerec.com/item/wordpress/thepro-dark/product-category/beverages/index586c.html]
[demo.themerec.com/item/wordpress/thepro-dark/wp-json/wp/v2/product_tag/50.json]
[demo.themerec.com/item/wordpress/thepro-dark/cart/index6f59.html]
[demo.themerec.com/item/wordpress/thepro-dark/product-category/accessories/index564a.html]
[demo.themerec.com/item/wordpress/thepro-dark/product-tag/accessories/index564a.html]
[demo.themerec.com/item/wordpress/thepro-dark/product-tag/phone/index564a.html]
[demo.themerec.com/item/wordpress/thepro-dark/product-category/book/index0634.html]
[demo.themerec.com/item/wordpress/thepro-dark/author/demorec/page/1/index.html]
[demo.themerec.com/item/wordpress/thepro-dark/index5fb3.html]
[demo.themerec.com/item/wordpress/thepro-dark/product-tag/hat/indexfeb9.html]
[demo.themerec.com/item/wordpress/thepro-dark/product-tag/cap/indexfeb9.html]
[demo.themerec.com/item/wordpress/thepro-dark/tag/course/index.html]
[demo.themerec.com/item/wordpress/thepro-dark/wp-json/wp/v2/tags/23.json]
[demo.themerec.com/item/wordpress/thepro-dark/tag/course/feed/index.html]
[demo.themerec.com/item/wordpress/thepro-dark/tag/fast/index.html]
[demo.themerec.com/item/wordpress/thepro-dark/wp-json/wp/v2/tags/27.json]
[demo.themerec.com/item/wordpress/thepro-dark/tag/fast/feed/index.html]
[demo.themerec.com/item/wordpress/thepro-dark/tag/learn/index.html]
[www.pinterest.com/pin-builder/index5650.html]
[demo.themerec.com/item/wordpress/thepro-dark/learn-design-from-zero-to-hero/index0e22.html]
[demo.themerec.com/item/wordpress/thepro-dark/product-tag/cap/indexfeb9.html]
[demo.themerec.com/item/wordpress/thepro-dark/product-tag/hat/indexfeb9.html]
[demo.themerec.com/item/wordpress/thepro-dark/product/cloth-face-mask/indexaafe.html]
[demo.themerec.com/item/wordpress/thepro-dark/cart/indexd606.html]
[demo.themerec.com/item/wordpress/thepro-dark/wp-json/wp/v2/tags/32.json]
[demo.themerec.com/item/wordpress/thepro-dark/tag/learn/feed/index.html]
